Archive member included to satisfy reference by file (symbol)

c:/winavr-20100110/bin/../lib/gcc/avr/8.0.1/avr25\libgcc.a(_mulqi3.o)
                              RTC.o (__mulqi3)
c:/winavr-20100110/bin/../lib/gcc/avr/8.0.1/avr25\libgcc.a(_mulhi3.o)
                              Led.o (__mulhi3)
c:/winavr-20100110/bin/../lib/gcc/avr/8.0.1/avr25\libgcc.a(_udivmodqi4.o)
                              Led.o (__udivmodqi4)
c:/winavr-20100110/bin/../lib/gcc/avr/8.0.1/avr25\libgcc.a(_exit.o)
                              c:/winavr-20100110/bin/../lib/gcc/avr/8.0.1/../../../../avr/lib/avr25/crtattiny84.o (exit)
c:/winavr-20100110/bin/../lib/gcc/avr/8.0.1/avr25\libgcc.a(_copy_data.o)
                              Led.o (__do_copy_data)
c:/winavr-20100110/bin/../lib/gcc/avr/8.0.1/avr25\libgcc.a(_clear_bss.o)
                              main.o (__do_clear_bss)

Allocating common symbols
Common symbol       size              file

leds                0x5f              main.o
USI_I2C_Master_State
                    0x1               main.o
currentTime         0x5               main.o
currentColor        0x3               main.o

Memory Configuration

Name             Origin             Length             Attributes
text             0x00000000         0x00002000         xr
data             0x00800060         0x0000ffa0         rw !x
eeprom           0x00810000         0x00010000         rw !x
fuse             0x00820000         0x00000003         rw !x
lock             0x00830000         0x00000400         rw !x
signature        0x00840000         0x00000400         rw !x
user_signatures  0x00850000         0x00000400         rw !x
*default*        0x00000000         0xffffffff

Linker script and memory map

LOAD c:/winavr-20100110/bin/../lib/gcc/avr/8.0.1/../../../../avr/lib/avr25/crtattiny84.o
LOAD main.o
LOAD Led.o
LOAD RTC.o
LOAD c:/winavr-20100110/bin/../lib/gcc/avr/8.0.1/../../../../avr/lib/avr25\libm.a
START GROUP
LOAD c:/winavr-20100110/bin/../lib/gcc/avr/8.0.1/avr25\libgcc.a
LOAD c:/winavr-20100110/bin/../lib/gcc/avr/8.0.1/../../../../avr/lib/avr25\libm.a
LOAD c:/winavr-20100110/bin/../lib/gcc/avr/8.0.1/../../../../avr/lib/avr25\libc.a
LOAD c:/winavr-20100110/bin/../lib/gcc/avr/8.0.1/../../../../avr/lib/avr25\libattiny84.a
END GROUP
                0x00002000                __TEXT_REGION_LENGTH__ = DEFINED (__TEXT_REGION_LENGTH__)?__TEXT_REGION_LENGTH__:0x2000
                0x0000ffa0                __DATA_REGION_LENGTH__ = DEFINED (__DATA_REGION_LENGTH__)?__DATA_REGION_LENGTH__:0xffa0
                0x00010000                __EEPROM_REGION_LENGTH__ = DEFINED (__EEPROM_REGION_LENGTH__)?__EEPROM_REGION_LENGTH__:0x10000
                [0x00000003]                __FUSE_REGION_LENGTH__ = DEFINED (__FUSE_REGION_LENGTH__)?__FUSE_REGION_LENGTH__:0x400
                0x00000400                __LOCK_REGION_LENGTH__ = DEFINED (__LOCK_REGION_LENGTH__)?__LOCK_REGION_LENGTH__:0x400
                0x00000400                __SIGNATURE_REGION_LENGTH__ = DEFINED (__SIGNATURE_REGION_LENGTH__)?__SIGNATURE_REGION_LENGTH__:0x400
                0x00000400                __USER_SIGNATURE_REGION_LENGTH__ = DEFINED (__USER_SIGNATURE_REGION_LENGTH__)?__USER_SIGNATURE_REGION_LENGTH__:0x400

.hash
 *(.hash)

.dynsym
 *(.dynsym)

.dynstr
 *(.dynstr)

.gnu.version
 *(.gnu.version)

.gnu.version_d
 *(.gnu.version_d)

.gnu.version_r
 *(.gnu.version_r)

.rel.init
 *(.rel.init)

.rela.init
 *(.rela.init)

.rel.text
 *(.rel.text)
 *(.rel.text.*)
 *(.rel.gnu.linkonce.t*)

.rela.text
 *(.rela.text)
 *(.rela.text.*)
 *(.rela.gnu.linkonce.t*)

.rel.fini
 *(.rel.fini)

.rela.fini
 *(.rela.fini)

.rel.rodata
 *(.rel.rodata)
 *(.rel.rodata.*)
 *(.rel.gnu.linkonce.r*)

.rela.rodata
 *(.rela.rodata)
 *(.rela.rodata.*)
 *(.rela.gnu.linkonce.r*)

.rel.data
 *(.rel.data)
 *(.rel.data.*)
 *(.rel.gnu.linkonce.d*)

.rela.data
 *(.rela.data)
 *(.rela.data.*)
 *(.rela.gnu.linkonce.d*)

.rel.ctors
 *(.rel.ctors)

.rela.ctors
 *(.rela.ctors)

.rel.dtors
 *(.rel.dtors)

.rela.dtors
 *(.rela.dtors)

.rel.got
 *(.rel.got)

.rela.got
 *(.rela.got)

.rel.bss
 *(.rel.bss)

.rela.bss
 *(.rela.bss)

.rel.plt
 *(.rel.plt)

.rela.plt
 *(.rela.plt)

.text           0x00000000      0x8f6
 *(.vectors)
 .vectors       0x00000000       0x22 c:/winavr-20100110/bin/../lib/gcc/avr/8.0.1/../../../../avr/lib/avr25/crtattiny84.o
                0x00000000                __vector_default
                0x00000000                __vectors
 *(.vectors)
 *(.progmem.gcc*)
                0x00000022                . = ALIGN (0x2)
                0x00000022                __trampolines_start = .
 *(.trampolines)
 .trampolines   0x00000022        0x0 linker stubs
 *(.trampolines*)
                0x00000022                __trampolines_end = .
 *libprintf_flt.a:*(.progmem.data)
 *libc.a:*(.progmem.data)
 *(.progmem.*)
                0x00000022                . = ALIGN (0x2)
 *(.lowtext)
 *(.lowtext*)
                0x00000022                __ctors_start = .
 *(.ctors)
                0x00000022                __ctors_end = .
                0x00000022                __dtors_start = .
 *(.dtors)
                0x00000022                __dtors_end = .
 SORT_BY_NAME(*)(.ctors)
 SORT_BY_NAME(*)(.dtors)
 *(.init0)
 .init0         0x00000022        0x0 c:/winavr-20100110/bin/../lib/gcc/avr/8.0.1/../../../../avr/lib/avr25/crtattiny84.o
                0x00000022                __init
 *(.init0)
 *(.init1)
 *(.init1)
 *(.init2)
 .init2         0x00000022        0xc c:/winavr-20100110/bin/../lib/gcc/avr/8.0.1/../../../../avr/lib/avr25/crtattiny84.o
 *(.init2)
 *(.init3)
 *(.init3)
 *(.init4)
 .init4         0x0000002e       0x16 c:/winavr-20100110/bin/../lib/gcc/avr/8.0.1/avr25\libgcc.a(_copy_data.o)
                0x0000002e                __do_copy_data
 .init4         0x00000044       0x10 c:/winavr-20100110/bin/../lib/gcc/avr/8.0.1/avr25\libgcc.a(_clear_bss.o)
                0x00000044                __do_clear_bss
 *(.init4)
 *(.init5)
 *(.init5)
 *(.init6)
 *(.init6)
 *(.init7)
 *(.init7)
 *(.init8)
 *(.init8)
 *(.init9)
 .init9         0x00000054        0x4 c:/winavr-20100110/bin/../lib/gcc/avr/8.0.1/../../../../avr/lib/avr25/crtattiny84.o
 *(.init9)
 *(.text)
 .text          0x00000058        0x2 c:/winavr-20100110/bin/../lib/gcc/avr/8.0.1/../../../../avr/lib/avr25/crtattiny84.o
                0x00000058                __vector_1
                0x00000058                __vector_12
                0x00000058                __bad_interrupt
                0x00000058                __vector_6
                0x00000058                __vector_3
                0x00000058                __vector_13
                0x00000058                __vector_7
                0x00000058                __vector_5
                0x00000058                __vector_4
                0x00000058                __vector_9
                0x00000058                __vector_2
                0x00000058                __vector_15
                0x00000058                __vector_14
                0x00000058                __vector_10
                0x00000058                __vector_16
 .text          0x0000005a      0x1ba main.o
                0x0000005a                sendData
                0x0000009e                __vector_8
                0x00000122                __vector_11
 .text          0x00000214      0x32e Led.o
                0x00000214                tcolor
                0x0000021c                tcolorV
                0x00000232                ledInit
                0x0000025a                getColorByLed
                0x000002bc                getDataByColor
                0x00000338                ledOff
                0x00000342                ledOn
                0x0000034e                ledOnC
                0x00000358                ledOnV
                0x00000368                ledIsOff
                0x00000390                ledIsOn
                0x000003b8                setLeds
                0x000004b2                setLedsNb
 .text          0x00000542      0x286 RTC.o
                0x00000542                setCurrentTime
                0x00000550                minquad
                0x00000580                bcdToDec
                0x00000590                i2c_in_transfer
                0x000005ba                i2c_in_transmit
                0x00000686                i2c_write
                0x000006ae                i2c_read
                0x0000075e                RTC_readTime
 .text          0x000007c8        0x0 c:/winavr-20100110/bin/../lib/gcc/avr/8.0.1/avr25\libgcc.a(_mulqi3.o)
 .text          0x000007c8        0x0 c:/winavr-20100110/bin/../lib/gcc/avr/8.0.1/avr25\libgcc.a(_mulhi3.o)
 .text          0x000007c8        0x0 c:/winavr-20100110/bin/../lib/gcc/avr/8.0.1/avr25\libgcc.a(_udivmodqi4.o)
 .text          0x000007c8        0x0 c:/winavr-20100110/bin/../lib/gcc/avr/8.0.1/avr25\libgcc.a(_exit.o)
 .text          0x000007c8        0x0 c:/winavr-20100110/bin/../lib/gcc/avr/8.0.1/avr25\libgcc.a(_copy_data.o)
 .text          0x000007c8        0x0 c:/winavr-20100110/bin/../lib/gcc/avr/8.0.1/avr25\libgcc.a(_clear_bss.o)
                0x000007c8                . = ALIGN (0x2)
 *(.text.*)
 .text.startup  0x000007c8       0xde main.o
                0x000007c8                main
 .text.libgcc.mul
                0x000008a6       0x12 c:/winavr-20100110/bin/../lib/gcc/avr/8.0.1/avr25\libgcc.a(_mulqi3.o)
                0x000008a6                __mulqi3
 .text.libgcc.div
                0x000008b8        0x0 c:/winavr-20100110/bin/../lib/gcc/avr/8.0.1/avr25\libgcc.a(_mulqi3.o)
 .text.libgcc   0x000008b8        0x0 c:/winavr-20100110/bin/../lib/gcc/avr/8.0.1/avr25\libgcc.a(_mulqi3.o)
 .text.libgcc.prologue
                0x000008b8        0x0 c:/winavr-20100110/bin/../lib/gcc/avr/8.0.1/avr25\libgcc.a(_mulqi3.o)
 .text.libgcc.builtins
                0x000008b8        0x0 c:/winavr-20100110/bin/../lib/gcc/avr/8.0.1/avr25\libgcc.a(_mulqi3.o)
 .text.libgcc.fmul
                0x000008b8        0x0 c:/winavr-20100110/bin/../lib/gcc/avr/8.0.1/avr25\libgcc.a(_mulqi3.o)
 .text.libgcc.fixed
                0x000008b8        0x0 c:/winavr-20100110/bin/../lib/gcc/avr/8.0.1/avr25\libgcc.a(_mulqi3.o)
 .text.libgcc.mul
                0x000008b8       0x22 c:/winavr-20100110/bin/../lib/gcc/avr/8.0.1/avr25\libgcc.a(_mulhi3.o)
                0x000008b8                __mulhi3
 .text.libgcc.div
                0x000008da        0x0 c:/winavr-20100110/bin/../lib/gcc/avr/8.0.1/avr25\libgcc.a(_mulhi3.o)
 .text.libgcc   0x000008da        0x0 c:/winavr-20100110/bin/../lib/gcc/avr/8.0.1/avr25\libgcc.a(_mulhi3.o)
 .text.libgcc.prologue
                0x000008da        0x0 c:/winavr-20100110/bin/../lib/gcc/avr/8.0.1/avr25\libgcc.a(_mulhi3.o)
 .text.libgcc.builtins
                0x000008da        0x0 c:/winavr-20100110/bin/../lib/gcc/avr/8.0.1/avr25\libgcc.a(_mulhi3.o)
 .text.libgcc.fmul
                0x000008da        0x0 c:/winavr-20100110/bin/../lib/gcc/avr/8.0.1/avr25\libgcc.a(_mulhi3.o)
 .text.libgcc.fixed
                0x000008da        0x0 c:/winavr-20100110/bin/../lib/gcc/avr/8.0.1/avr25\libgcc.a(_mulhi3.o)
 .text.libgcc.mul
                0x000008da        0x0 c:/winavr-20100110/bin/../lib/gcc/avr/8.0.1/avr25\libgcc.a(_udivmodqi4.o)
 .text.libgcc.div
                0x000008da       0x18 c:/winavr-20100110/bin/../lib/gcc/avr/8.0.1/avr25\libgcc.a(_udivmodqi4.o)
                0x000008da                __udivmodqi4
 .text.libgcc   0x000008f2        0x0 c:/winavr-20100110/bin/../lib/gcc/avr/8.0.1/avr25\libgcc.a(_udivmodqi4.o)
 .text.libgcc.prologue
                0x000008f2        0x0 c:/winavr-20100110/bin/../lib/gcc/avr/8.0.1/avr25\libgcc.a(_udivmodqi4.o)
 .text.libgcc.builtins
                0x000008f2        0x0 c:/winavr-20100110/bin/../lib/gcc/avr/8.0.1/avr25\libgcc.a(_udivmodqi4.o)
 .text.libgcc.fmul
                0x000008f2        0x0 c:/winavr-20100110/bin/../lib/gcc/avr/8.0.1/avr25\libgcc.a(_udivmodqi4.o)
 .text.libgcc.fixed
                0x000008f2        0x0 c:/winavr-20100110/bin/../lib/gcc/avr/8.0.1/avr25\libgcc.a(_udivmodqi4.o)
 .text.libgcc.mul
                0x000008f2        0x0 c:/winavr-20100110/bin/../lib/gcc/avr/8.0.1/avr25\libgcc.a(_exit.o)
 .text.libgcc.div
                0x000008f2        0x0 c:/winavr-20100110/bin/../lib/gcc/avr/8.0.1/avr25\libgcc.a(_exit.o)
 .text.libgcc   0x000008f2        0x0 c:/winavr-20100110/bin/../lib/gcc/avr/8.0.1/avr25\libgcc.a(_exit.o)
 .text.libgcc.prologue
                0x000008f2        0x0 c:/winavr-20100110/bin/../lib/gcc/avr/8.0.1/avr25\libgcc.a(_exit.o)
 .text.libgcc.builtins
                0x000008f2        0x0 c:/winavr-20100110/bin/../lib/gcc/avr/8.0.1/avr25\libgcc.a(_exit.o)
 .text.libgcc.fmul
                0x000008f2        0x0 c:/winavr-20100110/bin/../lib/gcc/avr/8.0.1/avr25\libgcc.a(_exit.o)
 .text.libgcc.fixed
                0x000008f2        0x0 c:/winavr-20100110/bin/../lib/gcc/avr/8.0.1/avr25\libgcc.a(_exit.o)
 .text.libgcc.mul
                0x000008f2        0x0 c:/winavr-20100110/bin/../lib/gcc/avr/8.0.1/avr25\libgcc.a(_copy_data.o)
 .text.libgcc.div
                0x000008f2        0x0 c:/winavr-20100110/bin/../lib/gcc/avr/8.0.1/avr25\libgcc.a(_copy_data.o)
 .text.libgcc   0x000008f2        0x0 c:/winavr-20100110/bin/../lib/gcc/avr/8.0.1/avr25\libgcc.a(_copy_data.o)
 .text.libgcc.prologue
                0x000008f2        0x0 c:/winavr-20100110/bin/../lib/gcc/avr/8.0.1/avr25\libgcc.a(_copy_data.o)
 .text.libgcc.builtins
                0x000008f2        0x0 c:/winavr-20100110/bin/../lib/gcc/avr/8.0.1/avr25\libgcc.a(_copy_data.o)
 .text.libgcc.fmul
                0x000008f2        0x0 c:/winavr-20100110/bin/../lib/gcc/avr/8.0.1/avr25\libgcc.a(_copy_data.o)
 .text.libgcc.fixed
                0x000008f2        0x0 c:/winavr-20100110/bin/../lib/gcc/avr/8.0.1/avr25\libgcc.a(_copy_data.o)
 .text.libgcc.mul
                0x000008f2        0x0 c:/winavr-20100110/bin/../lib/gcc/avr/8.0.1/avr25\libgcc.a(_clear_bss.o)
 .text.libgcc.div
                0x000008f2        0x0 c:/winavr-20100110/bin/../lib/gcc/avr/8.0.1/avr25\libgcc.a(_clear_bss.o)
 .text.libgcc   0x000008f2        0x0 c:/winavr-20100110/bin/../lib/gcc/avr/8.0.1/avr25\libgcc.a(_clear_bss.o)
 .text.libgcc.prologue
                0x000008f2        0x0 c:/winavr-20100110/bin/../lib/gcc/avr/8.0.1/avr25\libgcc.a(_clear_bss.o)
 .text.libgcc.builtins
                0x000008f2        0x0 c:/winavr-20100110/bin/../lib/gcc/avr/8.0.1/avr25\libgcc.a(_clear_bss.o)
 .text.libgcc.fmul
                0x000008f2        0x0 c:/winavr-20100110/bin/../lib/gcc/avr/8.0.1/avr25\libgcc.a(_clear_bss.o)
 .text.libgcc.fixed
                0x000008f2        0x0 c:/winavr-20100110/bin/../lib/gcc/avr/8.0.1/avr25\libgcc.a(_clear_bss.o)
                0x000008f2                . = ALIGN (0x2)
 *(.fini9)
 .fini9         0x000008f2        0x0 c:/winavr-20100110/bin/../lib/gcc/avr/8.0.1/avr25\libgcc.a(_exit.o)
                0x000008f2                _exit
                0x000008f2                exit
 *(.fini9)
 *(.fini8)
 *(.fini8)
 *(.fini7)
 *(.fini7)
 *(.fini6)
 *(.fini6)
 *(.fini5)
 *(.fini5)
 *(.fini4)
 *(.fini4)
 *(.fini3)
 *(.fini3)
 *(.fini2)
 *(.fini2)
 *(.fini1)
 *(.fini1)
 *(.fini0)
 .fini0         0x000008f2        0x4 c:/winavr-20100110/bin/../lib/gcc/avr/8.0.1/avr25\libgcc.a(_exit.o)
 *(.fini0)
 *(.hightext)
 *(.hightext*)
 *(.progmemx.*)
                0x000008f6                . = ALIGN (0x2)
 *(.jumptables)
 *(.jumptables*)
                0x000008f6                _etext = .

.data           0x00800060        0xc load address 0x000008f6
                0x00800060                PROVIDE (__data_start = .)
 *(.data)
 .data          0x00800060        0x0 c:/winavr-20100110/bin/../lib/gcc/avr/8.0.1/../../../../avr/lib/avr25/crtattiny84.o
 .data          0x00800060        0x0 main.o
 .data          0x00800060        0x0 Led.o
 .data          0x00800060        0x0 RTC.o
 .data          0x00800060        0x0 c:/winavr-20100110/bin/../lib/gcc/avr/8.0.1/avr25\libgcc.a(_mulqi3.o)
 .data          0x00800060        0x0 c:/winavr-20100110/bin/../lib/gcc/avr/8.0.1/avr25\libgcc.a(_mulhi3.o)
 .data          0x00800060        0x0 c:/winavr-20100110/bin/../lib/gcc/avr/8.0.1/avr25\libgcc.a(_udivmodqi4.o)
 .data          0x00800060        0x0 c:/winavr-20100110/bin/../lib/gcc/avr/8.0.1/avr25\libgcc.a(_exit.o)
 .data          0x00800060        0x0 c:/winavr-20100110/bin/../lib/gcc/avr/8.0.1/avr25\libgcc.a(_copy_data.o)
 .data          0x00800060        0x0 c:/winavr-20100110/bin/../lib/gcc/avr/8.0.1/avr25\libgcc.a(_clear_bss.o)
 *(.data*)
 *(.gnu.linkonce.d*)
 *(.rodata)
 .rodata        0x00800060        0xb Led.o
 *(.rodata*)
 *(.gnu.linkonce.r*)
                0x0080006c                . = ALIGN (0x2)
 *fill*         0x0080006b        0x1 
                0x0080006c                _edata = .
                0x0080006c                PROVIDE (__data_end = .)

.bss            0x0080006c       0x69
                0x0080006c                PROVIDE (__bss_start = .)
 *(.bss)
 .bss           0x0080006c        0x0 c:/winavr-20100110/bin/../lib/gcc/avr/8.0.1/../../../../avr/lib/avr25/crtattiny84.o
 .bss           0x0080006c        0x1 main.o
                0x0080006c                state
 .bss           0x0080006d        0x0 Led.o
 .bss           0x0080006d        0x0 RTC.o
 .bss           0x0080006d        0x0 c:/winavr-20100110/bin/../lib/gcc/avr/8.0.1/avr25\libgcc.a(_mulqi3.o)
 .bss           0x0080006d        0x0 c:/winavr-20100110/bin/../lib/gcc/avr/8.0.1/avr25\libgcc.a(_mulhi3.o)
 .bss           0x0080006d        0x0 c:/winavr-20100110/bin/../lib/gcc/avr/8.0.1/avr25\libgcc.a(_udivmodqi4.o)
 .bss           0x0080006d        0x0 c:/winavr-20100110/bin/../lib/gcc/avr/8.0.1/avr25\libgcc.a(_exit.o)
 .bss           0x0080006d        0x0 c:/winavr-20100110/bin/../lib/gcc/avr/8.0.1/avr25\libgcc.a(_copy_data.o)
 .bss           0x0080006d        0x0 c:/winavr-20100110/bin/../lib/gcc/avr/8.0.1/avr25\libgcc.a(_clear_bss.o)
 *(.bss*)
 *(COMMON)
 COMMON         0x0080006d       0x68 main.o
                0x0080006d                leds
                0x008000cc                USI_I2C_Master_State
                0x008000cd                currentTime
                0x008000d2                currentColor
                0x008000d5                PROVIDE (__bss_end = .)
                0x000008f6                __data_load_start = LOADADDR (.data)
                0x00000902                __data_load_end = (__data_load_start + SIZEOF (.data))

.noinit         0x008000d5        0x0
                [!provide]                PROVIDE (__noinit_start = .)
 *(.noinit*)
                [!provide]                PROVIDE (__noinit_end = .)
                0x008000d5                _end = .
                [!provide]                PROVIDE (__heap_start = .)

.eeprom         0x00810000        0x0
 *(.eeprom*)
                0x00810000                __eeprom_end = .

.fuse
 *(.fuse)
 *(.lfuse)
 *(.hfuse)
 *(.efuse)

.lock
 *(.lock*)

.signature
 *(.signature*)

.stab
 *(.stab)

.stabstr
 *(.stabstr)

.stab.excl
 *(.stab.excl)

.stab.exclstr
 *(.stab.exclstr)

.stab.index
 *(.stab.index)

.stab.indexstr
 *(.stab.indexstr)

.comment        0x00000000       0x41
 *(.comment)
 .comment       0x00000000       0x41 main.o
                                 0x42 (size before relaxing)
 .comment       0x00000041       0x42 Led.o
 .comment       0x00000041       0x42 RTC.o

.note.gnu.avr.deviceinfo
                0x00000000       0x3c
 .note.gnu.avr.deviceinfo
                0x00000000       0x3c c:/winavr-20100110/bin/../lib/gcc/avr/8.0.1/../../../../avr/lib/avr25/crtattiny84.o

.note.gnu.build-id
 *(.note.gnu.build-id)

.debug
 *(.debug)

.line
 *(.line)

.debug_srcinfo
 *(.debug_srcinfo)

.debug_sfnames
 *(.debug_sfnames)

.debug_aranges  0x00000000      0x128
 *(.debug_aranges)
 .debug_aranges
                0x00000000       0x28 main.o
 .debug_aranges
                0x00000028       0x20 Led.o
 .debug_aranges
                0x00000048       0x20 RTC.o
 .debug_aranges
                0x00000068       0x20 c:/winavr-20100110/bin/../lib/gcc/avr/8.0.1/avr25\libgcc.a(_mulqi3.o)
 .debug_aranges
                0x00000088       0x20 c:/winavr-20100110/bin/../lib/gcc/avr/8.0.1/avr25\libgcc.a(_mulhi3.o)
 .debug_aranges
                0x000000a8       0x20 c:/winavr-20100110/bin/../lib/gcc/avr/8.0.1/avr25\libgcc.a(_udivmodqi4.o)
 .debug_aranges
                0x000000c8       0x20 c:/winavr-20100110/bin/../lib/gcc/avr/8.0.1/avr25\libgcc.a(_exit.o)
 .debug_aranges
                0x000000e8       0x20 c:/winavr-20100110/bin/../lib/gcc/avr/8.0.1/avr25\libgcc.a(_copy_data.o)
 .debug_aranges
                0x00000108       0x20 c:/winavr-20100110/bin/../lib/gcc/avr/8.0.1/avr25\libgcc.a(_clear_bss.o)

.debug_pubnames
 *(.debug_pubnames)

.debug_info     0x00000000     0x1ae5
 *(.debug_info .gnu.linkonce.wi.*)
 .debug_info    0x00000000      0x420 c:/winavr-20100110/bin/../lib/gcc/avr/8.0.1/../../../../avr/lib/avr25/crtattiny84.o
 .debug_info    0x00000420      0x6e2 main.o
 .debug_info    0x00000b02      0x825 Led.o
 .debug_info    0x00001327      0x6da RTC.o
 .debug_info    0x00001a01       0x26 c:/winavr-20100110/bin/../lib/gcc/avr/8.0.1/avr25\libgcc.a(_mulqi3.o)
 .debug_info    0x00001a27       0x26 c:/winavr-20100110/bin/../lib/gcc/avr/8.0.1/avr25\libgcc.a(_mulhi3.o)
 .debug_info    0x00001a4d       0x26 c:/winavr-20100110/bin/../lib/gcc/avr/8.0.1/avr25\libgcc.a(_udivmodqi4.o)
 .debug_info    0x00001a73       0x26 c:/winavr-20100110/bin/../lib/gcc/avr/8.0.1/avr25\libgcc.a(_exit.o)
 .debug_info    0x00001a99       0x26 c:/winavr-20100110/bin/../lib/gcc/avr/8.0.1/avr25\libgcc.a(_copy_data.o)
 .debug_info    0x00001abf       0x26 c:/winavr-20100110/bin/../lib/gcc/avr/8.0.1/avr25\libgcc.a(_clear_bss.o)

.debug_abbrev   0x00000000      0xb75
 *(.debug_abbrev)
 .debug_abbrev  0x00000000      0x3e8 c:/winavr-20100110/bin/../lib/gcc/avr/8.0.1/../../../../avr/lib/avr25/crtattiny84.o
 .debug_abbrev  0x000003e8      0x1f5 main.o
 .debug_abbrev  0x000005dd      0x2b2 Led.o
 .debug_abbrev  0x0000088f      0x26e RTC.o
 .debug_abbrev  0x00000afd       0x14 c:/winavr-20100110/bin/../lib/gcc/avr/8.0.1/avr25\libgcc.a(_mulqi3.o)
 .debug_abbrev  0x00000b11       0x14 c:/winavr-20100110/bin/../lib/gcc/avr/8.0.1/avr25\libgcc.a(_mulhi3.o)
 .debug_abbrev  0x00000b25       0x14 c:/winavr-20100110/bin/../lib/gcc/avr/8.0.1/avr25\libgcc.a(_udivmodqi4.o)
 .debug_abbrev  0x00000b39       0x14 c:/winavr-20100110/bin/../lib/gcc/avr/8.0.1/avr25\libgcc.a(_exit.o)
 .debug_abbrev  0x00000b4d       0x14 c:/winavr-20100110/bin/../lib/gcc/avr/8.0.1/avr25\libgcc.a(_copy_data.o)
 .debug_abbrev  0x00000b61       0x14 c:/winavr-20100110/bin/../lib/gcc/avr/8.0.1/avr25\libgcc.a(_clear_bss.o)

.debug_line     0x00000000     0x1a12
 *(.debug_line .debug_line.* .debug_line_end)
 .debug_line    0x00000000       0x1d c:/winavr-20100110/bin/../lib/gcc/avr/8.0.1/../../../../avr/lib/avr25/crtattiny84.o
 .debug_line    0x0000001d      0x46c main.o
 .debug_line    0x00000489      0x89a Led.o
 .debug_line    0x00000d23      0x911 RTC.o
 .debug_line    0x00001634       0xa0 c:/winavr-20100110/bin/../lib/gcc/avr/8.0.1/avr25\libgcc.a(_mulqi3.o)
 .debug_line    0x000016d4       0xd0 c:/winavr-20100110/bin/../lib/gcc/avr/8.0.1/avr25\libgcc.a(_mulhi3.o)
 .debug_line    0x000017a4       0xb2 c:/winavr-20100110/bin/../lib/gcc/avr/8.0.1/avr25\libgcc.a(_udivmodqi4.o)
 .debug_line    0x00001856       0x76 c:/winavr-20100110/bin/../lib/gcc/avr/8.0.1/avr25\libgcc.a(_exit.o)
 .debug_line    0x000018cc       0xac c:/winavr-20100110/bin/../lib/gcc/avr/8.0.1/avr25\libgcc.a(_copy_data.o)
 .debug_line    0x00001978       0x9a c:/winavr-20100110/bin/../lib/gcc/avr/8.0.1/avr25\libgcc.a(_clear_bss.o)

.debug_frame    0x00000000      0x3e8
 *(.debug_frame)
 .debug_frame   0x00000000      0x11c main.o
 .debug_frame   0x0000011c      0x1a0 Led.o
 .debug_frame   0x000002bc      0x12c RTC.o

.debug_str      0x00000000      0x54b
 *(.debug_str)
 .debug_str     0x00000000      0x176 c:/winavr-20100110/bin/../lib/gcc/avr/8.0.1/../../../../avr/lib/avr25/crtattiny84.o
 .debug_str     0x00000176      0x253 main.o
                                0x293 (size before relaxing)
 .debug_str     0x000003c9       0x63 Led.o
                                0x275 (size before relaxing)
 .debug_str     0x0000042c       0x98 RTC.o
                                0x2ab (size before relaxing)
 .debug_str     0x000004c4       0x87 c:/winavr-20100110/bin/../lib/gcc/avr/8.0.1/avr25\libgcc.a(_mulqi3.o)
 .debug_str     0x0000054b       0x87 c:/winavr-20100110/bin/../lib/gcc/avr/8.0.1/avr25\libgcc.a(_mulhi3.o)
 .debug_str     0x0000054b       0x87 c:/winavr-20100110/bin/../lib/gcc/avr/8.0.1/avr25\libgcc.a(_udivmodqi4.o)
 .debug_str     0x0000054b       0x87 c:/winavr-20100110/bin/../lib/gcc/avr/8.0.1/avr25\libgcc.a(_exit.o)
 .debug_str     0x0000054b       0x87 c:/winavr-20100110/bin/../lib/gcc/avr/8.0.1/avr25\libgcc.a(_copy_data.o)
 .debug_str     0x0000054b       0x87 c:/winavr-20100110/bin/../lib/gcc/avr/8.0.1/avr25\libgcc.a(_clear_bss.o)

.debug_loc      0x00000000     0x12a6
 *(.debug_loc)
 .debug_loc     0x00000000      0x343 main.o
 .debug_loc     0x00000343      0x7e9 Led.o
 .debug_loc     0x00000b2c      0x77a RTC.o

.debug_macinfo
 *(.debug_macinfo)

.debug_weaknames
 *(.debug_weaknames)

.debug_funcnames
 *(.debug_funcnames)

.debug_typenames
 *(.debug_typenames)

.debug_varnames
 *(.debug_varnames)

.debug_pubtypes
 *(.debug_pubtypes)

.debug_ranges   0x00000000       0x68
 *(.debug_ranges)
 .debug_ranges  0x00000000       0x38 main.o
 .debug_ranges  0x00000038       0x30 Led.o

.debug_macro
 *(.debug_macro)

.debug_addr
 *(.debug_addr)
OUTPUT(main.elf elf32-avr)
LOAD linker stubs

Cross Reference Table

Symbol                                            File
RTC_readTime                                      RTC.o
                                                  main.o
USI_I2C_Master_State                              RTC.o
                                                  Led.o
                                                  main.o
__FUSE_REGION_LENGTH__                            c:/winavr-20100110/bin/../lib/gcc/avr/8.0.1/../../../../avr/lib/avr25/crtattiny84.o
__bad_interrupt                                   c:/winavr-20100110/bin/../lib/gcc/avr/8.0.1/../../../../avr/lib/avr25/crtattiny84.o
__bss_end                                         c:/winavr-20100110/bin/../lib/gcc/avr/8.0.1/avr25\libgcc.a(_clear_bss.o)
__bss_start                                       c:/winavr-20100110/bin/../lib/gcc/avr/8.0.1/avr25\libgcc.a(_clear_bss.o)
__data_end                                        c:/winavr-20100110/bin/../lib/gcc/avr/8.0.1/avr25\libgcc.a(_copy_data.o)
__data_load_start                                 c:/winavr-20100110/bin/../lib/gcc/avr/8.0.1/avr25\libgcc.a(_copy_data.o)
__data_start                                      c:/winavr-20100110/bin/../lib/gcc/avr/8.0.1/avr25\libgcc.a(_copy_data.o)
__do_clear_bss                                    c:/winavr-20100110/bin/../lib/gcc/avr/8.0.1/avr25\libgcc.a(_clear_bss.o)
                                                  RTC.o
                                                  Led.o
                                                  main.o
__do_copy_data                                    c:/winavr-20100110/bin/../lib/gcc/avr/8.0.1/avr25\libgcc.a(_copy_data.o)
                                                  Led.o
__heap_end                                        c:/winavr-20100110/bin/../lib/gcc/avr/8.0.1/../../../../avr/lib/avr25/crtattiny84.o
__init                                            c:/winavr-20100110/bin/../lib/gcc/avr/8.0.1/../../../../avr/lib/avr25/crtattiny84.o
__mulhi3                                          c:/winavr-20100110/bin/../lib/gcc/avr/8.0.1/avr25\libgcc.a(_mulhi3.o)
                                                  Led.o
__mulqi3                                          c:/winavr-20100110/bin/../lib/gcc/avr/8.0.1/avr25\libgcc.a(_mulqi3.o)
                                                  RTC.o
__stack                                           c:/winavr-20100110/bin/../lib/gcc/avr/8.0.1/../../../../avr/lib/avr25/crtattiny84.o
__udivmodqi4                                      c:/winavr-20100110/bin/../lib/gcc/avr/8.0.1/avr25\libgcc.a(_udivmodqi4.o)
                                                  Led.o
__vector_1                                        c:/winavr-20100110/bin/../lib/gcc/avr/8.0.1/../../../../avr/lib/avr25/crtattiny84.o
__vector_10                                       c:/winavr-20100110/bin/../lib/gcc/avr/8.0.1/../../../../avr/lib/avr25/crtattiny84.o
__vector_11                                       main.o
                                                  c:/winavr-20100110/bin/../lib/gcc/avr/8.0.1/../../../../avr/lib/avr25/crtattiny84.o
__vector_12                                       c:/winavr-20100110/bin/../lib/gcc/avr/8.0.1/../../../../avr/lib/avr25/crtattiny84.o
__vector_13                                       c:/winavr-20100110/bin/../lib/gcc/avr/8.0.1/../../../../avr/lib/avr25/crtattiny84.o
__vector_14                                       c:/winavr-20100110/bin/../lib/gcc/avr/8.0.1/../../../../avr/lib/avr25/crtattiny84.o
__vector_15                                       c:/winavr-20100110/bin/../lib/gcc/avr/8.0.1/../../../../avr/lib/avr25/crtattiny84.o
__vector_16                                       c:/winavr-20100110/bin/../lib/gcc/avr/8.0.1/../../../../avr/lib/avr25/crtattiny84.o
__vector_2                                        c:/winavr-20100110/bin/../lib/gcc/avr/8.0.1/../../../../avr/lib/avr25/crtattiny84.o
__vector_3                                        c:/winavr-20100110/bin/../lib/gcc/avr/8.0.1/../../../../avr/lib/avr25/crtattiny84.o
__vector_4                                        c:/winavr-20100110/bin/../lib/gcc/avr/8.0.1/../../../../avr/lib/avr25/crtattiny84.o
__vector_5                                        c:/winavr-20100110/bin/../lib/gcc/avr/8.0.1/../../../../avr/lib/avr25/crtattiny84.o
__vector_6                                        c:/winavr-20100110/bin/../lib/gcc/avr/8.0.1/../../../../avr/lib/avr25/crtattiny84.o
__vector_7                                        c:/winavr-20100110/bin/../lib/gcc/avr/8.0.1/../../../../avr/lib/avr25/crtattiny84.o
__vector_8                                        main.o
                                                  c:/winavr-20100110/bin/../lib/gcc/avr/8.0.1/../../../../avr/lib/avr25/crtattiny84.o
__vector_9                                        c:/winavr-20100110/bin/../lib/gcc/avr/8.0.1/../../../../avr/lib/avr25/crtattiny84.o
__vector_default                                  c:/winavr-20100110/bin/../lib/gcc/avr/8.0.1/../../../../avr/lib/avr25/crtattiny84.o
__vectors                                         c:/winavr-20100110/bin/../lib/gcc/avr/8.0.1/../../../../avr/lib/avr25/crtattiny84.o
_exit                                             c:/winavr-20100110/bin/../lib/gcc/avr/8.0.1/avr25\libgcc.a(_exit.o)
bcdToDec                                          RTC.o
currentColor                                      Led.o
                                                  main.o
currentTime                                       RTC.o
                                                  Led.o
                                                  main.o
exit                                              c:/winavr-20100110/bin/../lib/gcc/avr/8.0.1/avr25\libgcc.a(_exit.o)
                                                  c:/winavr-20100110/bin/../lib/gcc/avr/8.0.1/../../../../avr/lib/avr25/crtattiny84.o
getColorByLed                                     Led.o
getDataByColor                                    Led.o
                                                  main.o
i2c_in_transfer                                   RTC.o
i2c_in_transmit                                   RTC.o
i2c_read                                          RTC.o
i2c_write                                         RTC.o
ledInit                                           Led.o
                                                  main.o
ledIsOff                                          Led.o
ledIsOn                                           Led.o
ledOff                                            Led.o
ledOn                                             Led.o
ledOnC                                            Led.o
ledOnV                                            Led.o
leds                                              main.o
main                                              main.o
                                                  c:/winavr-20100110/bin/../lib/gcc/avr/8.0.1/../../../../avr/lib/avr25/crtattiny84.o
minquad                                           RTC.o
                                                  Led.o
sendData                                          main.o
setCurrentTime                                    RTC.o
setLeds                                           Led.o
                                                  main.o
setLedsNb                                         Led.o
state                                             main.o
tcolor                                            Led.o
                                                  main.o
tcolorV                                           Led.o
                                                  main.o
