Archive member included to satisfy reference by file (symbol)

/usr/lib/gcc/avr/5.4.0/avr25/libgcc.a(_mulqi3.o)
                              RTC.o (__mulqi3)
/usr/lib/gcc/avr/5.4.0/avr25/libgcc.a(_mulhi3.o)
                              Led.o (__mulhi3)
/usr/lib/gcc/avr/5.4.0/avr25/libgcc.a(_udivmodqi4.o)
                              Led.o (__udivmodqi4)
/usr/lib/gcc/avr/5.4.0/avr25/libgcc.a(_exit.o)
                              /usr/lib/gcc/avr/5.4.0/../../../avr/lib/avr25/crtattiny84.o (exit)
/usr/lib/gcc/avr/5.4.0/avr25/libgcc.a(_copy_data.o)
                              Led.o (__do_copy_data)
/usr/lib/gcc/avr/5.4.0/avr25/libgcc.a(_clear_bss.o)
                              main.o (__do_clear_bss)

Allocating common symbols
Common symbol       size              file

leds                0x5f              main.o
USI_I2C_Master_State
                    0x1               main.o
currentTime         0x5               main.o
currentColor        0x3               main.o

Memory Configuration

Name             Origin             Length             Attributes
text             0x0000000000000000 0x0000000000002000 xr
data             0x0000000000800060 0x000000000000ffa0 rw !x
eeprom           0x0000000000810000 0x0000000000010000 rw !x
fuse             0x0000000000820000 0x0000000000000003 rw !x
lock             0x0000000000830000 0x0000000000000400 rw !x
signature        0x0000000000840000 0x0000000000000400 rw !x
user_signatures  0x0000000000850000 0x0000000000000400 rw !x
*default*        0x0000000000000000 0xffffffffffffffff

Linker script and memory map

LOAD /usr/lib/gcc/avr/5.4.0/../../../avr/lib/avr25/crtattiny84.o
LOAD main.o
LOAD Led.o
LOAD RTC.o
LOAD /usr/lib/gcc/avr/5.4.0/../../../avr/lib/avr25/libm.a
START GROUP
LOAD /usr/lib/gcc/avr/5.4.0/avr25/libgcc.a
LOAD /usr/lib/gcc/avr/5.4.0/../../../avr/lib/avr25/libm.a
LOAD /usr/lib/gcc/avr/5.4.0/../../../avr/lib/avr25/libc.a
LOAD /usr/lib/gcc/avr/5.4.0/../../../avr/lib/avr25/libattiny84.a
END GROUP
                0x0000000000002000                __TEXT_REGION_LENGTH__ = DEFINED (__TEXT_REGION_LENGTH__)?__TEXT_REGION_LENGTH__:0x2000
                0x000000000000ffa0                __DATA_REGION_LENGTH__ = DEFINED (__DATA_REGION_LENGTH__)?__DATA_REGION_LENGTH__:0xffa0
                0x0000000000010000                __EEPROM_REGION_LENGTH__ = DEFINED (__EEPROM_REGION_LENGTH__)?__EEPROM_REGION_LENGTH__:0x10000
                [0x0000000000000003]                __FUSE_REGION_LENGTH__ = DEFINED (__FUSE_REGION_LENGTH__)?__FUSE_REGION_LENGTH__:0x400
                0x0000000000000400                __LOCK_REGION_LENGTH__ = DEFINED (__LOCK_REGION_LENGTH__)?__LOCK_REGION_LENGTH__:0x400
                0x0000000000000400                __SIGNATURE_REGION_LENGTH__ = DEFINED (__SIGNATURE_REGION_LENGTH__)?__SIGNATURE_REGION_LENGTH__:0x400
                0x0000000000000400                __USER_SIGNATURE_REGION_LENGTH__ = DEFINED (__USER_SIGNATURE_REGION_LENGTH__)?__USER_SIGNATURE_REGION_LENGTH__:0x400

.hash
 *(.hash)

.dynsym
 *(.dynsym)

.dynstr
 *(.dynstr)

.gnu.version
 *(.gnu.version)

.gnu.version_d
 *(.gnu.version_d)

.gnu.version_r
 *(.gnu.version_r)

.rel.init
 *(.rel.init)

.rela.init
 *(.rela.init)

.rel.text
 *(.rel.text)
 *(.rel.text.*)
 *(.rel.gnu.linkonce.t*)

.rela.text
 *(.rela.text)
 *(.rela.text.*)
 *(.rela.gnu.linkonce.t*)

.rel.fini
 *(.rel.fini)

.rela.fini
 *(.rela.fini)

.rel.rodata
 *(.rel.rodata)
 *(.rel.rodata.*)
 *(.rel.gnu.linkonce.r*)

.rela.rodata
 *(.rela.rodata)
 *(.rela.rodata.*)
 *(.rela.gnu.linkonce.r*)

.rel.data
 *(.rel.data)
 *(.rel.data.*)
 *(.rel.gnu.linkonce.d*)

.rela.data
 *(.rela.data)
 *(.rela.data.*)
 *(.rela.gnu.linkonce.d*)

.rel.ctors
 *(.rel.ctors)

.rela.ctors
 *(.rela.ctors)

.rel.dtors
 *(.rel.dtors)

.rela.dtors
 *(.rela.dtors)

.rel.got
 *(.rel.got)

.rela.got
 *(.rela.got)

.rel.bss
 *(.rel.bss)

.rela.bss
 *(.rela.bss)

.rel.plt
 *(.rel.plt)

.rela.plt
 *(.rela.plt)

.text           0x0000000000000000      0x966
 *(.vectors)
 .vectors       0x0000000000000000       0x22 /usr/lib/gcc/avr/5.4.0/../../../avr/lib/avr25/crtattiny84.o
                0x0000000000000000                __vectors
                0x0000000000000000                __vector_default
 *(.vectors)
 *(.progmem.gcc*)
                0x0000000000000022                . = ALIGN (0x2)
                0x0000000000000022                __trampolines_start = .
 *(.trampolines)
 .trampolines   0x0000000000000022        0x0 linker stubs
 *(.trampolines*)
                0x0000000000000022                __trampolines_end = .
 *libprintf_flt.a:*(.progmem.data)
 *libc.a:*(.progmem.data)
 *(.progmem*)
                0x0000000000000022                . = ALIGN (0x2)
 *(.jumptables)
 *(.jumptables*)
 *(.lowtext)
 *(.lowtext*)
                0x0000000000000022                __ctors_start = .
 *(.ctors)
                0x0000000000000022                __ctors_end = .
                0x0000000000000022                __dtors_start = .
 *(.dtors)
                0x0000000000000022                __dtors_end = .
 SORT(*)(.ctors)
 SORT(*)(.dtors)
 *(.init0)
 .init0         0x0000000000000022        0x0 /usr/lib/gcc/avr/5.4.0/../../../avr/lib/avr25/crtattiny84.o
                0x0000000000000022                __init
 *(.init0)
 *(.init1)
 *(.init1)
 *(.init2)
 .init2         0x0000000000000022        0xc /usr/lib/gcc/avr/5.4.0/../../../avr/lib/avr25/crtattiny84.o
 *(.init2)
 *(.init3)
 *(.init3)
 *(.init4)
 .init4         0x000000000000002e       0x16 /usr/lib/gcc/avr/5.4.0/avr25/libgcc.a(_copy_data.o)
                0x000000000000002e                __do_copy_data
 .init4         0x0000000000000044       0x10 /usr/lib/gcc/avr/5.4.0/avr25/libgcc.a(_clear_bss.o)
                0x0000000000000044                __do_clear_bss
 *(.init4)
 *(.init5)
 *(.init5)
 *(.init6)
 *(.init6)
 *(.init7)
 *(.init7)
 *(.init8)
 *(.init8)
 *(.init9)
 .init9         0x0000000000000054        0x4 /usr/lib/gcc/avr/5.4.0/../../../avr/lib/avr25/crtattiny84.o
 *(.init9)
 *(.text)
 .text          0x0000000000000058        0x2 /usr/lib/gcc/avr/5.4.0/../../../avr/lib/avr25/crtattiny84.o
                0x0000000000000058                __vector_1
                0x0000000000000058                __vector_12
                0x0000000000000058                __bad_interrupt
                0x0000000000000058                __vector_6
                0x0000000000000058                __vector_3
                0x0000000000000058                __vector_13
                0x0000000000000058                __vector_7
                0x0000000000000058                __vector_5
                0x0000000000000058                __vector_4
                0x0000000000000058                __vector_9
                0x0000000000000058                __vector_2
                0x0000000000000058                __vector_15
                0x0000000000000058                __vector_14
                0x0000000000000058                __vector_10
                0x0000000000000058                __vector_16
 .text          0x000000000000005a      0x1de main.o
                0x000000000000005a                sendRawData
                0x000000000000009e                sendData
                0x00000000000000b0                __vector_8
                0x0000000000000148                __vector_11
 .text          0x0000000000000238      0x35c Led.o
                0x0000000000000238                tcolor
                0x0000000000000240                tcolorV
                0x0000000000000260                ledInit
                0x0000000000000288                getColorByLed
                0x00000000000002ea                getDataByColor
                0x0000000000000366                ledOff
                0x0000000000000370                ledOn
                0x000000000000037c                ledOnC
                0x0000000000000386                ledOnV
                0x0000000000000390                ledIsOff
                0x00000000000003c8                ledIsOn
                0x00000000000003fe                setLeds
                0x0000000000000504                setLedsNb
 .text          0x0000000000000594      0x2a0 RTC.o
                0x0000000000000594                setCurrentTime
                0x00000000000005a2                minquad
                0x00000000000005d2                bcdToDec
                0x00000000000005e2                i2c_in_transfer
                0x000000000000060c                i2c_in_transmit
                0x00000000000006d6                i2c_write
                0x00000000000006fe                i2c_read
                0x00000000000007b6                RTC_readTemp
                0x00000000000007c6                RTC_readTime
 .text          0x0000000000000834        0x0 /usr/lib/gcc/avr/5.4.0/avr25/libgcc.a(_mulqi3.o)
 .text          0x0000000000000834        0x0 /usr/lib/gcc/avr/5.4.0/avr25/libgcc.a(_mulhi3.o)
 .text          0x0000000000000834        0x0 /usr/lib/gcc/avr/5.4.0/avr25/libgcc.a(_udivmodqi4.o)
 .text          0x0000000000000834        0x0 /usr/lib/gcc/avr/5.4.0/avr25/libgcc.a(_exit.o)
 .text          0x0000000000000834        0x0 /usr/lib/gcc/avr/5.4.0/avr25/libgcc.a(_copy_data.o)
 .text          0x0000000000000834        0x0 /usr/lib/gcc/avr/5.4.0/avr25/libgcc.a(_clear_bss.o)
                0x0000000000000834                . = ALIGN (0x2)
 *(.text.*)
 .text.startup  0x0000000000000834       0xe2 main.o
                0x0000000000000834                main
 .text.libgcc.mul
                0x0000000000000916       0x12 /usr/lib/gcc/avr/5.4.0/avr25/libgcc.a(_mulqi3.o)
                0x0000000000000916                __mulqi3
 .text.libgcc.div
                0x0000000000000928        0x0 /usr/lib/gcc/avr/5.4.0/avr25/libgcc.a(_mulqi3.o)
 .text.libgcc   0x0000000000000928        0x0 /usr/lib/gcc/avr/5.4.0/avr25/libgcc.a(_mulqi3.o)
 .text.libgcc.prologue
                0x0000000000000928        0x0 /usr/lib/gcc/avr/5.4.0/avr25/libgcc.a(_mulqi3.o)
 .text.libgcc.builtins
                0x0000000000000928        0x0 /usr/lib/gcc/avr/5.4.0/avr25/libgcc.a(_mulqi3.o)
 .text.libgcc.fmul
                0x0000000000000928        0x0 /usr/lib/gcc/avr/5.4.0/avr25/libgcc.a(_mulqi3.o)
 .text.libgcc.fixed
                0x0000000000000928        0x0 /usr/lib/gcc/avr/5.4.0/avr25/libgcc.a(_mulqi3.o)
 .text.libgcc.mul
                0x0000000000000928       0x22 /usr/lib/gcc/avr/5.4.0/avr25/libgcc.a(_mulhi3.o)
                0x0000000000000928                __mulhi3
 .text.libgcc.div
                0x000000000000094a        0x0 /usr/lib/gcc/avr/5.4.0/avr25/libgcc.a(_mulhi3.o)
 .text.libgcc   0x000000000000094a        0x0 /usr/lib/gcc/avr/5.4.0/avr25/libgcc.a(_mulhi3.o)
 .text.libgcc.prologue
                0x000000000000094a        0x0 /usr/lib/gcc/avr/5.4.0/avr25/libgcc.a(_mulhi3.o)
 .text.libgcc.builtins
                0x000000000000094a        0x0 /usr/lib/gcc/avr/5.4.0/avr25/libgcc.a(_mulhi3.o)
 .text.libgcc.fmul
                0x000000000000094a        0x0 /usr/lib/gcc/avr/5.4.0/avr25/libgcc.a(_mulhi3.o)
 .text.libgcc.fixed
                0x000000000000094a        0x0 /usr/lib/gcc/avr/5.4.0/avr25/libgcc.a(_mulhi3.o)
 .text.libgcc.mul
                0x000000000000094a        0x0 /usr/lib/gcc/avr/5.4.0/avr25/libgcc.a(_udivmodqi4.o)
 .text.libgcc.div
                0x000000000000094a       0x18 /usr/lib/gcc/avr/5.4.0/avr25/libgcc.a(_udivmodqi4.o)
                0x000000000000094a                __udivmodqi4
 .text.libgcc   0x0000000000000962        0x0 /usr/lib/gcc/avr/5.4.0/avr25/libgcc.a(_udivmodqi4.o)
 .text.libgcc.prologue
                0x0000000000000962        0x0 /usr/lib/gcc/avr/5.4.0/avr25/libgcc.a(_udivmodqi4.o)
 .text.libgcc.builtins
                0x0000000000000962        0x0 /usr/lib/gcc/avr/5.4.0/avr25/libgcc.a(_udivmodqi4.o)
 .text.libgcc.fmul
                0x0000000000000962        0x0 /usr/lib/gcc/avr/5.4.0/avr25/libgcc.a(_udivmodqi4.o)
 .text.libgcc.fixed
                0x0000000000000962        0x0 /usr/lib/gcc/avr/5.4.0/avr25/libgcc.a(_udivmodqi4.o)
 .text.libgcc.mul
                0x0000000000000962        0x0 /usr/lib/gcc/avr/5.4.0/avr25/libgcc.a(_exit.o)
 .text.libgcc.div
                0x0000000000000962        0x0 /usr/lib/gcc/avr/5.4.0/avr25/libgcc.a(_exit.o)
 .text.libgcc   0x0000000000000962        0x0 /usr/lib/gcc/avr/5.4.0/avr25/libgcc.a(_exit.o)
 .text.libgcc.prologue
                0x0000000000000962        0x0 /usr/lib/gcc/avr/5.4.0/avr25/libgcc.a(_exit.o)
 .text.libgcc.builtins
                0x0000000000000962        0x0 /usr/lib/gcc/avr/5.4.0/avr25/libgcc.a(_exit.o)
 .text.libgcc.fmul
                0x0000000000000962        0x0 /usr/lib/gcc/avr/5.4.0/avr25/libgcc.a(_exit.o)
 .text.libgcc.fixed
                0x0000000000000962        0x0 /usr/lib/gcc/avr/5.4.0/avr25/libgcc.a(_exit.o)
 .text.libgcc.mul
                0x0000000000000962        0x0 /usr/lib/gcc/avr/5.4.0/avr25/libgcc.a(_copy_data.o)
 .text.libgcc.div
                0x0000000000000962        0x0 /usr/lib/gcc/avr/5.4.0/avr25/libgcc.a(_copy_data.o)
 .text.libgcc   0x0000000000000962        0x0 /usr/lib/gcc/avr/5.4.0/avr25/libgcc.a(_copy_data.o)
 .text.libgcc.prologue
                0x0000000000000962        0x0 /usr/lib/gcc/avr/5.4.0/avr25/libgcc.a(_copy_data.o)
 .text.libgcc.builtins
                0x0000000000000962        0x0 /usr/lib/gcc/avr/5.4.0/avr25/libgcc.a(_copy_data.o)
 .text.libgcc.fmul
                0x0000000000000962        0x0 /usr/lib/gcc/avr/5.4.0/avr25/libgcc.a(_copy_data.o)
 .text.libgcc.fixed
                0x0000000000000962        0x0 /usr/lib/gcc/avr/5.4.0/avr25/libgcc.a(_copy_data.o)
 .text.libgcc.mul
                0x0000000000000962        0x0 /usr/lib/gcc/avr/5.4.0/avr25/libgcc.a(_clear_bss.o)
 .text.libgcc.div
                0x0000000000000962        0x0 /usr/lib/gcc/avr/5.4.0/avr25/libgcc.a(_clear_bss.o)
 .text.libgcc   0x0000000000000962        0x0 /usr/lib/gcc/avr/5.4.0/avr25/libgcc.a(_clear_bss.o)
 .text.libgcc.prologue
                0x0000000000000962        0x0 /usr/lib/gcc/avr/5.4.0/avr25/libgcc.a(_clear_bss.o)
 .text.libgcc.builtins
                0x0000000000000962        0x0 /usr/lib/gcc/avr/5.4.0/avr25/libgcc.a(_clear_bss.o)
 .text.libgcc.fmul
                0x0000000000000962        0x0 /usr/lib/gcc/avr/5.4.0/avr25/libgcc.a(_clear_bss.o)
 .text.libgcc.fixed
                0x0000000000000962        0x0 /usr/lib/gcc/avr/5.4.0/avr25/libgcc.a(_clear_bss.o)
                0x0000000000000962                . = ALIGN (0x2)
 *(.fini9)
 .fini9         0x0000000000000962        0x0 /usr/lib/gcc/avr/5.4.0/avr25/libgcc.a(_exit.o)
                0x0000000000000962                exit
                0x0000000000000962                _exit
 *(.fini9)
 *(.fini8)
 *(.fini8)
 *(.fini7)
 *(.fini7)
 *(.fini6)
 *(.fini6)
 *(.fini5)
 *(.fini5)
 *(.fini4)
 *(.fini4)
 *(.fini3)
 *(.fini3)
 *(.fini2)
 *(.fini2)
 *(.fini1)
 *(.fini1)
 *(.fini0)
 .fini0         0x0000000000000962        0x4 /usr/lib/gcc/avr/5.4.0/avr25/libgcc.a(_exit.o)
 *(.fini0)
                0x0000000000000966                _etext = .

.data           0x0000000000800060        0xc load address 0x0000000000000966
                0x0000000000800060                PROVIDE (__data_start, .)
 *(.data)
 .data          0x0000000000800060        0x0 /usr/lib/gcc/avr/5.4.0/../../../avr/lib/avr25/crtattiny84.o
 .data          0x0000000000800060        0x0 main.o
 .data          0x0000000000800060        0x0 Led.o
 .data          0x0000000000800060        0x0 RTC.o
 .data          0x0000000000800060        0x0 /usr/lib/gcc/avr/5.4.0/avr25/libgcc.a(_mulqi3.o)
 .data          0x0000000000800060        0x0 /usr/lib/gcc/avr/5.4.0/avr25/libgcc.a(_mulhi3.o)
 .data          0x0000000000800060        0x0 /usr/lib/gcc/avr/5.4.0/avr25/libgcc.a(_udivmodqi4.o)
 .data          0x0000000000800060        0x0 /usr/lib/gcc/avr/5.4.0/avr25/libgcc.a(_exit.o)
 .data          0x0000000000800060        0x0 /usr/lib/gcc/avr/5.4.0/avr25/libgcc.a(_copy_data.o)
 .data          0x0000000000800060        0x0 /usr/lib/gcc/avr/5.4.0/avr25/libgcc.a(_clear_bss.o)
 *(.data*)
 *(.rodata)
 .rodata        0x0000000000800060        0xb Led.o
 *(.rodata*)
 *(.gnu.linkonce.d*)
                0x000000000080006c                . = ALIGN (0x2)
 *fill*         0x000000000080006b        0x1 
                0x000000000080006c                _edata = .
                0x000000000080006c                PROVIDE (__data_end, .)

.bss            0x000000000080006c       0x6b
                0x000000000080006c                PROVIDE (__bss_start, .)
 *(.bss)
 .bss           0x000000000080006c        0x0 /usr/lib/gcc/avr/5.4.0/../../../avr/lib/avr25/crtattiny84.o
 .bss           0x000000000080006c        0x3 main.o
                0x000000000080006c                state
                0x000000000080006d                ledb
                0x000000000080006e                ledr
 .bss           0x000000000080006f        0x0 Led.o
 .bss           0x000000000080006f        0x0 RTC.o
 .bss           0x000000000080006f        0x0 /usr/lib/gcc/avr/5.4.0/avr25/libgcc.a(_mulqi3.o)
 .bss           0x000000000080006f        0x0 /usr/lib/gcc/avr/5.4.0/avr25/libgcc.a(_mulhi3.o)
 .bss           0x000000000080006f        0x0 /usr/lib/gcc/avr/5.4.0/avr25/libgcc.a(_udivmodqi4.o)
 .bss           0x000000000080006f        0x0 /usr/lib/gcc/avr/5.4.0/avr25/libgcc.a(_exit.o)
 .bss           0x000000000080006f        0x0 /usr/lib/gcc/avr/5.4.0/avr25/libgcc.a(_copy_data.o)
 .bss           0x000000000080006f        0x0 /usr/lib/gcc/avr/5.4.0/avr25/libgcc.a(_clear_bss.o)
 *(.bss*)
 *(COMMON)
 COMMON         0x000000000080006f       0x68 main.o
                0x000000000080006f                leds
                0x00000000008000ce                USI_I2C_Master_State
                0x00000000008000cf                currentTime
                0x00000000008000d4                currentColor
                0x00000000008000d7                PROVIDE (__bss_end, .)
                0x0000000000000966                __data_load_start = LOADADDR (.data)
                0x0000000000000972                __data_load_end = (__data_load_start + SIZEOF (.data))

.noinit         0x00000000008000d7        0x0
                [!provide]                        PROVIDE (__noinit_start, .)
 *(.noinit*)
                [!provide]                        PROVIDE (__noinit_end, .)
                0x00000000008000d7                _end = .
                [!provide]                        PROVIDE (__heap_start, .)

.eeprom         0x0000000000810000        0x0
 *(.eeprom*)
                0x0000000000810000                __eeprom_end = .

.fuse
 *(.fuse)
 *(.lfuse)
 *(.hfuse)
 *(.efuse)

.lock
 *(.lock*)

.signature
 *(.signature*)

.user_signatures
 *(.user_signatures*)

.stab
 *(.stab)

.stabstr
 *(.stabstr)

.stab.excl
 *(.stab.excl)

.stab.exclstr
 *(.stab.exclstr)

.stab.index
 *(.stab.index)

.stab.indexstr
 *(.stab.indexstr)

.comment        0x0000000000000000       0x11
 *(.comment)
 .comment       0x0000000000000000       0x11 main.o
                                         0x12 (size before relaxing)
 .comment       0x0000000000000011       0x12 Led.o
 .comment       0x0000000000000011       0x12 RTC.o

.note.gnu.avr.deviceinfo
                0x0000000000000000       0x3c
 .note.gnu.avr.deviceinfo
                0x0000000000000000       0x3c /usr/lib/gcc/avr/5.4.0/../../../avr/lib/avr25/crtattiny84.o

.note.gnu.build-id
 *(.note.gnu.build-id)

.debug
 *(.debug)

.line
 *(.line)

.debug_srcinfo
 *(.debug_srcinfo)

.debug_sfnames
 *(.debug_sfnames)

.debug_aranges  0x0000000000000000       0x68
 *(.debug_aranges)
 .debug_aranges
                0x0000000000000000       0x28 main.o
 .debug_aranges
                0x0000000000000028       0x20 Led.o
 .debug_aranges
                0x0000000000000048       0x20 RTC.o

.debug_pubnames
 *(.debug_pubnames)

.debug_info     0x0000000000000000     0x1a7d
 *(.debug_info .gnu.linkonce.wi.*)
 .debug_info    0x0000000000000000      0x420 /usr/lib/gcc/avr/5.4.0/../../../avr/lib/avr25/crtattiny84.o
 .debug_info    0x0000000000000420      0x78d main.o
 .debug_info    0x0000000000000bad      0x7da Led.o
 .debug_info    0x0000000000001387      0x6f6 RTC.o

.debug_abbrev   0x0000000000000000      0xa8f
 *(.debug_abbrev)
 .debug_abbrev  0x0000000000000000      0x3e8 /usr/lib/gcc/avr/5.4.0/../../../avr/lib/avr25/crtattiny84.o
 .debug_abbrev  0x00000000000003e8      0x1fb main.o
 .debug_abbrev  0x00000000000005e3      0x26e Led.o
 .debug_abbrev  0x0000000000000851      0x23e RTC.o

.debug_line     0x0000000000000000      0x90c
 *(.debug_line .debug_line.* .debug_line_end)
 .debug_line    0x0000000000000000       0x1a /usr/lib/gcc/avr/5.4.0/../../../avr/lib/avr25/crtattiny84.o
 .debug_line    0x000000000000001a      0x244 main.o
 .debug_line    0x000000000000025e      0x34d Led.o
 .debug_line    0x00000000000005ab      0x361 RTC.o

.debug_frame    0x0000000000000000      0x414
 *(.debug_frame)
 .debug_frame   0x0000000000000000      0x12c main.o
 .debug_frame   0x000000000000012c      0x1a0 Led.o
 .debug_frame   0x00000000000002cc      0x148 RTC.o

.debug_str      0x0000000000000000      0x4c5
 *(.debug_str)
 .debug_str     0x0000000000000000      0x173 /usr/lib/gcc/avr/5.4.0/../../../avr/lib/avr25/crtattiny84.o
 .debug_str     0x0000000000000173      0x270 main.o
                                        0x2b0 (size before relaxing)
 .debug_str     0x00000000000003e3       0x59 Led.o
                                        0x256 (size before relaxing)
 .debug_str     0x000000000000043c       0x89 RTC.o
                                        0x299 (size before relaxing)

.debug_loc      0x0000000000000000     0x12a8
 *(.debug_loc)
 .debug_loc     0x0000000000000000      0x395 main.o
 .debug_loc     0x0000000000000395      0x7d0 Led.o
 .debug_loc     0x0000000000000b65      0x743 RTC.o

.debug_macinfo
 *(.debug_macinfo)

.debug_weaknames
 *(.debug_weaknames)

.debug_funcnames
 *(.debug_funcnames)

.debug_typenames
 *(.debug_typenames)

.debug_varnames
 *(.debug_varnames)

.debug_pubtypes
 *(.debug_pubtypes)

.debug_ranges   0x0000000000000000       0x18
 *(.debug_ranges)
 .debug_ranges  0x0000000000000000       0x18 main.o

.debug_macro
 *(.debug_macro)
OUTPUT(main.elf elf32-avr)
LOAD linker stubs

Cross Reference Table

Symbol                                            File
RTC_readTemp                                      RTC.o
                                                  main.o
RTC_readTime                                      RTC.o
                                                  main.o
USI_I2C_Master_State                              RTC.o
                                                  Led.o
                                                  main.o
__FUSE_REGION_LENGTH__                            /usr/lib/gcc/avr/5.4.0/../../../avr/lib/avr25/crtattiny84.o
__bad_interrupt                                   /usr/lib/gcc/avr/5.4.0/../../../avr/lib/avr25/crtattiny84.o
__bss_end                                         /usr/lib/gcc/avr/5.4.0/avr25/libgcc.a(_clear_bss.o)
__bss_start                                       /usr/lib/gcc/avr/5.4.0/avr25/libgcc.a(_clear_bss.o)
__data_end                                        /usr/lib/gcc/avr/5.4.0/avr25/libgcc.a(_copy_data.o)
__data_load_start                                 /usr/lib/gcc/avr/5.4.0/avr25/libgcc.a(_copy_data.o)
__data_start                                      /usr/lib/gcc/avr/5.4.0/avr25/libgcc.a(_copy_data.o)
__do_clear_bss                                    /usr/lib/gcc/avr/5.4.0/avr25/libgcc.a(_clear_bss.o)
                                                  RTC.o
                                                  Led.o
                                                  main.o
__do_copy_data                                    /usr/lib/gcc/avr/5.4.0/avr25/libgcc.a(_copy_data.o)
                                                  Led.o
__heap_end                                        /usr/lib/gcc/avr/5.4.0/../../../avr/lib/avr25/crtattiny84.o
__init                                            /usr/lib/gcc/avr/5.4.0/../../../avr/lib/avr25/crtattiny84.o
__mulhi3                                          /usr/lib/gcc/avr/5.4.0/avr25/libgcc.a(_mulhi3.o)
                                                  Led.o
__mulqi3                                          /usr/lib/gcc/avr/5.4.0/avr25/libgcc.a(_mulqi3.o)
                                                  RTC.o
__stack                                           /usr/lib/gcc/avr/5.4.0/../../../avr/lib/avr25/crtattiny84.o
__udivmodqi4                                      /usr/lib/gcc/avr/5.4.0/avr25/libgcc.a(_udivmodqi4.o)
                                                  Led.o
__vector_1                                        /usr/lib/gcc/avr/5.4.0/../../../avr/lib/avr25/crtattiny84.o
__vector_10                                       /usr/lib/gcc/avr/5.4.0/../../../avr/lib/avr25/crtattiny84.o
__vector_11                                       main.o
                                                  /usr/lib/gcc/avr/5.4.0/../../../avr/lib/avr25/crtattiny84.o
__vector_12                                       /usr/lib/gcc/avr/5.4.0/../../../avr/lib/avr25/crtattiny84.o
__vector_13                                       /usr/lib/gcc/avr/5.4.0/../../../avr/lib/avr25/crtattiny84.o
__vector_14                                       /usr/lib/gcc/avr/5.4.0/../../../avr/lib/avr25/crtattiny84.o
__vector_15                                       /usr/lib/gcc/avr/5.4.0/../../../avr/lib/avr25/crtattiny84.o
__vector_16                                       /usr/lib/gcc/avr/5.4.0/../../../avr/lib/avr25/crtattiny84.o
__vector_2                                        /usr/lib/gcc/avr/5.4.0/../../../avr/lib/avr25/crtattiny84.o
__vector_3                                        /usr/lib/gcc/avr/5.4.0/../../../avr/lib/avr25/crtattiny84.o
__vector_4                                        /usr/lib/gcc/avr/5.4.0/../../../avr/lib/avr25/crtattiny84.o
__vector_5                                        /usr/lib/gcc/avr/5.4.0/../../../avr/lib/avr25/crtattiny84.o
__vector_6                                        /usr/lib/gcc/avr/5.4.0/../../../avr/lib/avr25/crtattiny84.o
__vector_7                                        /usr/lib/gcc/avr/5.4.0/../../../avr/lib/avr25/crtattiny84.o
__vector_8                                        main.o
                                                  /usr/lib/gcc/avr/5.4.0/../../../avr/lib/avr25/crtattiny84.o
__vector_9                                        /usr/lib/gcc/avr/5.4.0/../../../avr/lib/avr25/crtattiny84.o
__vector_default                                  /usr/lib/gcc/avr/5.4.0/../../../avr/lib/avr25/crtattiny84.o
__vectors                                         /usr/lib/gcc/avr/5.4.0/../../../avr/lib/avr25/crtattiny84.o
_exit                                             /usr/lib/gcc/avr/5.4.0/avr25/libgcc.a(_exit.o)
bcdToDec                                          RTC.o
currentColor                                      Led.o
                                                  main.o
currentTime                                       RTC.o
                                                  Led.o
                                                  main.o
exit                                              /usr/lib/gcc/avr/5.4.0/avr25/libgcc.a(_exit.o)
                                                  /usr/lib/gcc/avr/5.4.0/../../../avr/lib/avr25/crtattiny84.o
getColorByLed                                     Led.o
getDataByColor                                    Led.o
                                                  main.o
i2c_in_transfer                                   RTC.o
i2c_in_transmit                                   RTC.o
i2c_read                                          RTC.o
i2c_write                                         RTC.o
ledInit                                           Led.o
                                                  main.o
ledIsOff                                          Led.o
ledIsOn                                           Led.o
ledOff                                            Led.o
ledOn                                             Led.o
ledOnC                                            Led.o
ledOnV                                            Led.o
ledb                                              main.o
ledr                                              main.o
leds                                              main.o
main                                              main.o
                                                  /usr/lib/gcc/avr/5.4.0/../../../avr/lib/avr25/crtattiny84.o
minquad                                           RTC.o
                                                  Led.o
sendData                                          main.o
sendRawData                                       main.o
setCurrentTime                                    RTC.o
                                                  main.o
setLeds                                           Led.o
                                                  main.o
setLedsNb                                         Led.o
                                                  main.o
state                                             main.o
tcolor                                            Led.o
                                                  main.o
tcolorV                                           Led.o
                                                  main.o
